[testcontainers.org 00:00:00.27] Connected to Docker:
  Host: unix:///var/run/docker.sock
  Server Version: 29.6.2
  Kernel Version: 6.17.0-19-generic
  API Version: 1.55
  Operating System: Linux Mint 22.3
  Total Memory: 78.45 GB
[testcontainers.org 00:00:00.60] Docker container c0582f6c80cb created
[testcontainers.org 00:00:00.70] Start Docker container c0582f6c80cb
[testcontainers.org 00:00:00.94] Wait for Docker container c0582f6c80cb to complete readiness checks
[testcontainers.org 00:00:01.98] Docker container c0582f6c80cb ready
[testcontainers.org 00:00:02.20] Docker container 0d7330e43b83 created
[testcontainers.org 00:00:02.21] Start Docker container 0d7330e43b83
[testcontainers.org 00:00:02.41] Wait for Docker container 0d7330e43b83 to complete readiness checks
[testcontainers.org 00:00:02.42] Execute "pg_isready --host localhost --dbname circus_test --username postgres" at Docker container 0d7330e43b83
[testcontainers.org 00:00:03.57] Execute "pg_isready --host localhost --dbname circus_test --username postgres" at Docker container 0d7330e43b83
[testcontainers.org 00:00:04.69] Execute "pg_isready --host localhost --dbname circus_test --username postgres" at Docker container 0d7330e43b83
[testcontainers.org 00:00:04.81] Docker container 0d7330e43b83 ready
[37m[[37m19:42:09 [37mINF[37m] [37mEXPECTO? Running tests...[37m [37m<[37mExpecto[37m>[37m
[0m[1000D[?25h[testcontainers.org 00:00:05.86] Docker container 09c9a790fdf2 created
[0m[1000D[?25h[testcontainers.org 00:00:05.86] Start Docker container 09c9a790fdf2
[0m[1000D[?25h[testcontainers.org 00:00:06.07] Wait for Docker container 09c9a790fdf2 to complete readiness checks
[0m[1000D[?25h[testcontainers.org 00:00:06.08] Execute "pg_isready --host localhost --dbname circus_unlock_succ_a93796dbf90443ffb09a2419235b33fa --username postgres" at Docker container 09c9a790fdf2
[0m[1000D[?25h[testcontainers.org 00:00:07.20] Execute "pg_isready --host localhost --dbname circus_unlock_succ_a93796dbf90443ffb09a2419235b33fa --username postgres" at Docker container 09c9a790fdf2
[0m[1000D[?25h[testcontainers.org 00:00:08.31] Execute "pg_isready --host localhost --dbname circus_unlock_succ_a93796dbf90443ffb09a2419235b33fa --username postgres" at Docker container 09c9a790fdf2
[0m[1000D[?25h[testcontainers.org 00:00:08.43] Docker container 09c9a790fdf2 ready
[0m[1000D[?25h[testcontainers.org 00:00:13.63] Stop Docker container 09c9a790fdf2
[0m[1000D[?25h[37m[[37m19:42:17 [31mERR[37m] [36mCircus.Persistence.Postgres.Tests.Migration unlock-failure cleanup.successful migration with deterministic unlock failure raises typed invariant, runs real ClearPool, ends the stale backend session[37m failed in [32m00:00:08.3300000[37m. [36m
Locked backend session is no longer in pg_stat_activity after ClearPool (bounded 5s poll). Actual value was true but had expected it to be false.
   at Circus.Persistence.Postgres.Tests.UnlockFailureTests.f@1(NpgsqlDataSource adminDataSource, Operations ops, FSharpRef`1 acquiredPid, FSharpRef`1 clearCalls, Unit unitVar) in /home/thecircus/Projects/thecircus/tests/Circus.Persistence.Postgres.Tests/UnlockFailureTests.fs:line 229
   at Circus.Persistence.Postgres.Tests.UnlockFailureTests.tests@158.Invoke(Unit unitVar) in /home/thecircus/Projects/thecircus/tests/Circus.Persistence.Postgres.Tests/UnlockFailureTests.fs:line 190
   at Expecto.Impl.execTestAsync@579-1.Invoke(Unit unitVar)
   at Microsoft.FSharp.Control.AsyncPrimitives.CallThenInvoke[T,TResult](AsyncActivation`1 ctxt, TResult result1, FSharpFunc`2 part2) in D:\a\_work\1\s\src\FSharp.Core\async.fs:line 510
   at Microsoft.FSharp.Control.Trampoline.Execute(FSharpFunc`2 firstAction) in D:\a\_work\1\s\src\FSharp.Core\async.fs:line 112[37m [37m<[37mExpecto[37m>[37m
[0m[1000D[?25h[1000D[?25h[37m[[37m19:42:17 [37mINF[37m] [37mEXPECTO! [36m1[37m tests run in [32m00:00:08.4272524[37m for [36mCircus.Persistence.Postgres.Tests.Migration unlock-failure cleanup.successful migration with deterministic unlock failure raises typed invariant, runs real ClearPool, ends the stale backend session[37m – [36m0[37m passed, [36m0[37m ignored, [36m1[37m failed, [36m0[37m errored. [36m[37m [37m<[37mExpecto[37m>[37m
[0m[1000D[?25h[37m[[37m19:42:17 [37mINF[37m] [37mEXPECTO?! Summary...
Passed: [36m 0[37m
Ignored: [36m0[37m
Failed: [36m 1
	Circus.Persistence.Postgres.Tests.Migration unlock-failure cleanup.successful migration with deterministic unlock failure raises typed invariant, runs real ClearPool, ends the stale backend session[37m
Errored: [36m0[37m [37m<[37mExpecto[37m>[37m
[0m[testcontainers.org 00:00:14.00] Stop Docker container 0d7330e43b83
