[testcontainers.org 00:00:00.37] Connected to Docker:
  Host: unix:///var/run/docker.sock
  Server Version: 29.6.2
  Kernel Version: 6.17.0-19-generic
  API Version: 1.55
  Operating System: Linux Mint 22.3
  Total Memory: 78.45 GB
[testcontainers.org 00:00:00.83] Docker container b3b7f4d93668 created
[testcontainers.org 00:00:00.90] Start Docker container b3b7f4d93668
[testcontainers.org 00:00:01.13] Wait for Docker container b3b7f4d93668 to complete readiness checks
[testcontainers.org 00:00:02.18] Docker container b3b7f4d93668 ready
[testcontainers.org 00:00:02.40] Docker container 279846ed25fe created
[testcontainers.org 00:00:02.40] Start Docker container 279846ed25fe
[testcontainers.org 00:00:02.63] Wait for Docker container 279846ed25fe to complete readiness checks
[testcontainers.org 00:00:02.64] Execute "pg_isready --host localhost --dbname circus_test --username postgres" at Docker container 279846ed25fe
[testcontainers.org 00:00:03.81] Execute "pg_isready --host localhost --dbname circus_test --username postgres" at Docker container 279846ed25fe
[testcontainers.org 00:00:04.93] Execute "pg_isready --host localhost --dbname circus_test --username postgres" at Docker container 279846ed25fe
[testcontainers.org 00:00:05.07] Docker container 279846ed25fe ready
[37m[[37m19:42:25 [37mINF[37m] [37mEXPECTO? Running tests...[37m [37m<[37mExpecto[37m>[37m
[0m[1000D[?25h[testcontainers.org 00:00:06.10] Docker container e9c76c26b299 created
[0m[1000D[?25h[testcontainers.org 00:00:06.11] Start Docker container e9c76c26b299
[0m[1000D[?25h[testcontainers.org 00:00:06.32] Wait for Docker container e9c76c26b299 to complete readiness checks
[0m[1000D[?25h[testcontainers.org 00:00:06.32] Execute "pg_isready --host localhost --dbname circus_unlock_succ_46744ddab41748758922a7087cbe0c6c --username postgres" at Docker container e9c76c26b299
[0m[1000D[?25h[testcontainers.org 00:00:07.46] Execute "pg_isready --host localhost --dbname circus_unlock_succ_46744ddab41748758922a7087cbe0c6c --username postgres" at Docker container e9c76c26b299
[0m[1000D[?25h[testcontainers.org 00:00:08.57] Execute "pg_isready --host localhost --dbname circus_unlock_succ_46744ddab41748758922a7087cbe0c6c --username postgres" at Docker container e9c76c26b299
[0m[1000D[?25h[testcontainers.org 00:00:08.70] Docker container e9c76c26b299 ready
[0m[1000D[?25h[testcontainers.org 00:00:13.94] Stop Docker container e9c76c26b299
[0m[1000D[?25h[37m[[37m19:42:33 [31mERR[37m] [36mCircus.Persistence.Postgres.Tests.Migration unlock-failure cleanup.successful migration with deterministic unlock failure raises typed invariant, runs real ClearPool, ends the stale backend session[37m failed in [32m00:00:08.2800000[37m. [36m
Locked backend session is no longer in pg_stat_activity after ClearPool (bounded 5s poll). Actual value was true but had expected it to be false.
   at Circus.Persistence.Postgres.Tests.UnlockFailureTests.f@1(NpgsqlDataSource adminDataSource, Operations ops, FSharpRef`1 acquiredPid, FSharpRef`1 clearCalls, Unit unitVar) in /home/thecircus/Projects/thecircus/tests/Circus.Persistence.Postgres.Tests/UnlockFailureTests.fs:line 229
   at Circus.Persistence.Postgres.Tests.UnlockFailureTests.tests@158.Invoke(Unit unitVar) in /home/thecircus/Projects/thecircus/tests/Circus.Persistence.Postgres.Tests/UnlockFailureTests.fs:line 190
   at Expecto.Impl.execTestAsync@579-1.Invoke(Unit unitVar)
   at Microsoft.FSharp.Control.AsyncPrimitives.CallThenInvoke[T,TResult](AsyncActivation`1 ctxt, TResult result1, FSharpFunc`2 part2) in D:\a\_work\1\s\src\FSharp.Core\async.fs:line 510
   at Microsoft.FSharp.Control.Trampoline.Execute(FSharpFunc`2 firstAction) in D:\a\_work\1\s\src\FSharp.Core\async.fs:line 112[37m [37m<[37mExpecto[37m>[37m
[0m[1000D[?25h[1000D[?25h[37m[[37m19:42:33 [37mINF[37m] [37mEXPECTO! [36m1[37m tests run in [32m00:00:08.3704022[37m for [36mCircus.Persistence.Postgres.Tests.Migration unlock-failure cleanup.successful migration with deterministic unlock failure raises typed invariant, runs real ClearPool, ends the stale backend session[37m – [36m0[37m passed, [36m0[37m ignored, [36m1[37m failed, [36m0[37m errored. [36m[37m [37m<[37mExpecto[37m>[37m
[0m[1000D[?25h[37m[[37m19:42:33 [37mINF[37m] [37mEXPECTO?! Summary...
Passed: [36m 0[37m
Ignored: [36m0[37m
Failed: [36m 1
	Circus.Persistence.Postgres.Tests.Migration unlock-failure cleanup.successful migration with deterministic unlock failure raises typed invariant, runs real ClearPool, ends the stale backend session[37m
Errored: [36m0[37m [37m<[37mExpecto[37m>[37m
[0m[testcontainers.org 00:00:14.26] Stop Docker container 279846ed25fe
