[testcontainers.org 00:00:00.32] Connected to Docker:
  Host: unix:///var/run/docker.sock
  Server Version: 29.6.2
  Kernel Version: 6.17.0-19-generic
  API Version: 1.55
  Operating System: Linux Mint 22.3
  Total Memory: 78.45 GB
[testcontainers.org 00:00:00.70] Docker container 75fb76ca49a7 created
[testcontainers.org 00:00:00.79] Start Docker container 75fb76ca49a7
[testcontainers.org 00:00:01.05] Wait for Docker container 75fb76ca49a7 to complete readiness checks
[testcontainers.org 00:00:02.09] Docker container 75fb76ca49a7 ready
[testcontainers.org 00:00:02.35] Docker container dda179be4280 created
[testcontainers.org 00:00:02.36] Start Docker container dda179be4280
[testcontainers.org 00:00:02.57] Wait for Docker container dda179be4280 to complete readiness checks
[testcontainers.org 00:00:02.58] Execute "pg_isready --host localhost --dbname circus_test --username postgres" at Docker container dda179be4280
[testcontainers.org 00:00:03.73] Execute "pg_isready --host localhost --dbname circus_test --username postgres" at Docker container dda179be4280
[testcontainers.org 00:00:04.85] Execute "pg_isready --host localhost --dbname circus_test --username postgres" at Docker container dda179be4280
[testcontainers.org 00:00:04.98] Docker container dda179be4280 ready
[37m[[37m19:42:41 [37mINF[37m] [37mEXPECTO? Running tests...[37m [37m<[37mExpecto[37m>[37m
[0m[1000D[?25h[testcontainers.org 00:00:06.01] Docker container d350314a5219 created
[0m[1000D[?25h[testcontainers.org 00:00:06.02] Start Docker container d350314a5219
[0m[1000D[?25h[testcontainers.org 00:00:06.23] Wait for Docker container d350314a5219 to complete readiness checks
[0m[1000D[?25h[testcontainers.org 00:00:06.24] Execute "pg_isready --host localhost --dbname circus_unlock_succ_212ea8b93e8b4cb1ac0b5f202f89294a --username postgres" at Docker container d350314a5219
[0m[1000D[?25h[testcontainers.org 00:00:07.36] Execute "pg_isready --host localhost --dbname circus_unlock_succ_212ea8b93e8b4cb1ac0b5f202f89294a --username postgres" at Docker container d350314a5219
[0m[1000D[?25h[testcontainers.org 00:00:08.47] Execute "pg_isready --host localhost --dbname circus_unlock_succ_212ea8b93e8b4cb1ac0b5f202f89294a --username postgres" at Docker container d350314a5219
[0m[1000D[?25h[testcontainers.org 00:00:08.59] Docker container d350314a5219 ready
[0m[1000D[?25h[testcontainers.org 00:00:13.81] Stop Docker container d350314a5219
[0m[1000D[?25h[37m[[37m19:42:49 [31mERR[37m] [36mCircus.Persistence.Postgres.Tests.Migration unlock-failure cleanup.successful migration with deterministic unlock failure raises typed invariant, runs real ClearPool, ends the stale backend session[37m failed in [32m00:00:08.2810000[37m. [36m
Locked backend session is no longer in pg_stat_activity after ClearPool (bounded 5s poll). Actual value was true but had expected it to be false.
   at Circus.Persistence.Postgres.Tests.UnlockFailureTests.f@1(NpgsqlDataSource adminDataSource, Operations ops, FSharpRef`1 acquiredPid, FSharpRef`1 clearCalls, Unit unitVar) in /home/thecircus/Projects/thecircus/tests/Circus.Persistence.Postgres.Tests/UnlockFailureTests.fs:line 229
   at Circus.Persistence.Postgres.Tests.UnlockFailureTests.tests@158.Invoke(Unit unitVar) in /home/thecircus/Projects/thecircus/tests/Circus.Persistence.Postgres.Tests/UnlockFailureTests.fs:line 190
   at Expecto.Impl.execTestAsync@579-1.Invoke(Unit unitVar)
   at Microsoft.FSharp.Control.AsyncPrimitives.CallThenInvoke[T,TResult](AsyncActivation`1 ctxt, TResult result1, FSharpFunc`2 part2) in D:\a\_work\1\s\src\FSharp.Core\async.fs:line 510
   at Microsoft.FSharp.Control.Trampoline.Execute(FSharpFunc`2 firstAction) in D:\a\_work\1\s\src\FSharp.Core\async.fs:line 112[37m [37m<[37mExpecto[37m>[37m
[0m[1000D[?25h[1000D[?25h[37m[[37m19:42:49 [37mINF[37m] [37mEXPECTO! [36m1[37m tests run in [32m00:00:08.3872870[37m for [36mCircus.Persistence.Postgres.Tests.Migration unlock-failure cleanup.successful migration with deterministic unlock failure raises typed invariant, runs real ClearPool, ends the stale backend session[37m – [36m0[37m passed, [36m0[37m ignored, [36m1[37m failed, [36m0[37m errored. [36m[37m [37m<[37mExpecto[37m>[37m
[0m[1000D[?25h[37m[[37m19:42:49 [37mINF[37m] [37mEXPECTO?! Summary...
Passed: [36m 0[37m
Ignored: [36m0[37m
Failed: [36m 1
	Circus.Persistence.Postgres.Tests.Migration unlock-failure cleanup.successful migration with deterministic unlock failure raises typed invariant, runs real ClearPool, ends the stale backend session[37m
Errored: [36m0[37m [37m<[37mExpecto[37m>[37m
[0m[testcontainers.org 00:00:14.14] Stop Docker container dda179be4280
