[testcontainers.org 00:00:00.31] Connected to Docker:
  Host: unix:///var/run/docker.sock
  Server Version: 29.6.2
  Kernel Version: 6.17.0-19-generic
  API Version: 1.55
  Operating System: Linux Mint 22.3
  Total Memory: 78.45 GB
[testcontainers.org 00:00:00.67] Docker container ce4f5d27b766 created
[testcontainers.org 00:00:00.76] Start Docker container ce4f5d27b766
[testcontainers.org 00:00:00.98] Wait for Docker container ce4f5d27b766 to complete readiness checks
[testcontainers.org 00:00:02.01] Docker container ce4f5d27b766 ready
[testcontainers.org 00:00:02.25] Docker container 27f8af21ca49 created
[testcontainers.org 00:00:02.25] Start Docker container 27f8af21ca49
[testcontainers.org 00:00:02.45] Wait for Docker container 27f8af21ca49 to complete readiness checks
[testcontainers.org 00:00:02.47] Execute "pg_isready --host localhost --dbname circus_test --username postgres" at Docker container 27f8af21ca49
[testcontainers.org 00:00:03.63] Execute "pg_isready --host localhost --dbname circus_test --username postgres" at Docker container 27f8af21ca49
[testcontainers.org 00:00:04.73] Execute "pg_isready --host localhost --dbname circus_test --username postgres" at Docker container 27f8af21ca49
[testcontainers.org 00:00:04.85] Docker container 27f8af21ca49 ready
[37m[[37m19:43:18 [37mINF[37m] [37mEXPECTO? Running tests...[37m [37m<[37mExpecto[37m>[37m
[0m[1000D[?25h[testcontainers.org 00:00:05.87] Docker container 03f89bc801ce created
[0m[1000D[?25h[testcontainers.org 00:00:05.88] Start Docker container 03f89bc801ce
[0m[1000D[?25h[testcontainers.org 00:00:06.11] Wait for Docker container 03f89bc801ce to complete readiness checks
[0m[1000D[?25h[testcontainers.org 00:00:06.11] Execute "pg_isready --host localhost --dbname circus_unlock_fail_617900bc2a5e4e2bace8372aeb1a54c4 --username postgres" at Docker container 03f89bc801ce
[0m[1000D[?25h[testcontainers.org 00:00:07.24] Execute "pg_isready --host localhost --dbname circus_unlock_fail_617900bc2a5e4e2bace8372aeb1a54c4 --username postgres" at Docker container 03f89bc801ce
[0m[1000D[?25h[testcontainers.org 00:00:08.36] Execute "pg_isready --host localhost --dbname circus_unlock_fail_617900bc2a5e4e2bace8372aeb1a54c4 --username postgres" at Docker container 03f89bc801ce
[0m[1000D[?25h[testcontainers.org 00:00:08.49] Docker container 03f89bc801ce ready
[0m[1000D[?25h[testcontainers.org 00:00:08.70] Stop Docker container 03f89bc801ce
[0m[1000D[?25h[37m[[37m19:43:21 [31mERR[37m] [36mCircus.Persistence.Postgres.Tests.Migration unlock-failure cleanup.failed 000003 with deterministic unlock failure preserves the migration SQLSTATE and exact invariant message, leaves only 000003 unrecorded[37m failed in [32m00:00:03.3240000[37m. [36m
Original 000003 failure surfaces as a PostgresException.
[32mexpected[36m: [32mNpgsql[36m.[32mPostgresException[36m
[31m  actual[36m: [31mSystem[36m.[31mAggregateException[36m
   at Circus.Persistence.Postgres.Tests.UnlockFailureTests.tests@287-7.Invoke(NpgsqlCommand provCmd) in /home/thecircus/Projects/thecircus/tests/Circus.Persistence.Postgres.Tests/UnlockFailureTests.fs:line 324
   at Microsoft.FSharp.Core.Operators.Using[T,TResult](T resource, FSharpFunc`2 action) in D:\a\_work\1\s\src\FSharp.Core\prim-types.fs:line 5159
   at Microsoft.FSharp.Core.Operators.Using[T,TResult](T resource, FSharpFunc`2 action) in D:\a\_work\1\s\src\FSharp.Core\prim-types.fs:line 5159
   at Circus.Persistence.Postgres.Tests.UnlockFailureTests.f@1-1(NpgsqlDataSource adminDataSource, Unit unitVar) in /home/thecircus/Projects/thecircus/tests/Circus.Persistence.Postgres.Tests/UnlockFailureTests.fs:line 284
   at Circus.Persistence.Postgres.Tests.UnlockFailureTests.tests@270-1.Invoke(Unit unitVar) in /home/thecircus/Projects/thecircus/tests/Circus.Persistence.Postgres.Tests/UnlockFailureTests.fs:line 272[37m [37m<[37mExpecto[37m>[37m
[0m[1000D[?25h[1000D[?25h[37m[[37m19:43:21 [37mINF[37m] [37mEXPECTO! [36m1[37m tests run in [32m00:00:03.4171077[37m for [36mCircus.Persistence.Postgres.Tests.Migration unlock-failure cleanup.failed 000003 with deterministic unlock failure preserves the migration SQLSTATE and exact invariant message, leaves only 000003 unrecorded[37m – [36m0[37m passed, [36m0[37m ignored, [36m1[37m failed, [36m0[37m errored. [36m[37m [37m<[37mExpecto[37m>[37m
[0m[1000D[?25h[37m[[37m19:43:21 [37mINF[37m] [37mEXPECTO?! Summary...
Passed: [36m 0[37m
Ignored: [36m0[37m
Failed: [36m 1
	Circus.Persistence.Postgres.Tests.Migration unlock-failure cleanup.failed 000003 with deterministic unlock failure preserves the migration SQLSTATE and exact invariant message, leaves only 000003 unrecorded[37m
Errored: [36m0[37m [37m<[37mExpecto[37m>[37m
[0m[testcontainers.org 00:00:09.04] Stop Docker container 27f8af21ca49
