[testcontainers.org 00:00:00.26] Connected to Docker:
  Host: unix:///var/run/docker.sock
  Server Version: 29.6.2
  Kernel Version: 6.17.0-19-generic
  API Version: 1.55
  Operating System: Linux Mint 22.3
  Total Memory: 78.45 GB
[testcontainers.org 00:00:00.59] Docker container 9a9a03a57102 created
[testcontainers.org 00:00:00.66] Start Docker container 9a9a03a57102
[testcontainers.org 00:00:00.89] Wait for Docker container 9a9a03a57102 to complete readiness checks
[testcontainers.org 00:00:01.92] Docker container 9a9a03a57102 ready
[testcontainers.org 00:00:02.16] Docker container 713be6761335 created
[testcontainers.org 00:00:02.17] Start Docker container 713be6761335
[testcontainers.org 00:00:02.38] Wait for Docker container 713be6761335 to complete readiness checks
[testcontainers.org 00:00:02.39] Execute "pg_isready --host localhost --dbname circus_test --username postgres" at Docker container 713be6761335
[testcontainers.org 00:00:03.55] Execute "pg_isready --host localhost --dbname circus_test --username postgres" at Docker container 713be6761335
[testcontainers.org 00:00:04.66] Execute "pg_isready --host localhost --dbname circus_test --username postgres" at Docker container 713be6761335
[testcontainers.org 00:00:04.78] Docker container 713be6761335 ready
[37m[[37m19:43:07 [37mINF[37m] [37mEXPECTO? Running tests...[37m [37m<[37mExpecto[37m>[37m
[0m[1000D[?25h[testcontainers.org 00:00:05.72] Docker container b8038332204e created
[0m[1000D[?25h[testcontainers.org 00:00:05.73] Start Docker container b8038332204e
[0m[1000D[?25h[testcontainers.org 00:00:05.96] Wait for Docker container b8038332204e to complete readiness checks
[0m[1000D[?25h[testcontainers.org 00:00:05.97] Execute "pg_isready --host localhost --dbname circus_unlock_fail_a60f8ea75ed6457c8a55ab7cd35a807f --username postgres" at Docker container b8038332204e
[0m[1000D[?25h[testcontainers.org 00:00:07.11] Execute "pg_isready --host localhost --dbname circus_unlock_fail_a60f8ea75ed6457c8a55ab7cd35a807f --username postgres" at Docker container b8038332204e
[0m[1000D[?25h[testcontainers.org 00:00:08.24] Execute "pg_isready --host localhost --dbname circus_unlock_fail_a60f8ea75ed6457c8a55ab7cd35a807f --username postgres" at Docker container b8038332204e
[0m[1000D[?25h[testcontainers.org 00:00:08.36] Docker container b8038332204e ready
[0m[1000D[?25h[testcontainers.org 00:00:08.58] Stop Docker container b8038332204e
[0m[1000D[?25h[37m[[37m19:43:10 [31mERR[37m] [36mCircus.Persistence.Postgres.Tests.Migration unlock-failure cleanup.failed 000003 with deterministic unlock failure preserves the migration SQLSTATE and exact invariant message, leaves only 000003 unrecorded[37m failed in [32m00:00:03.3400000[37m. [36m
Original 000003 failure surfaces as a PostgresException.
[32mexpected[36m: [32mNpgsql[36m.[32mPostgresException[36m
[31m  actual[36m: [31mSystem[36m.[31mAggregateException[36m
   at Circus.Persistence.Postgres.Tests.UnlockFailureTests.tests@287-7.Invoke(NpgsqlCommand provCmd) in /home/thecircus/Projects/thecircus/tests/Circus.Persistence.Postgres.Tests/UnlockFailureTests.fs:line 324
   at Microsoft.FSharp.Core.Operators.Using[T,TResult](T resource, FSharpFunc`2 action) in D:\a\_work\1\s\src\FSharp.Core\prim-types.fs:line 5159
   at Microsoft.FSharp.Core.Operators.Using[T,TResult](T resource, FSharpFunc`2 action) in D:\a\_work\1\s\src\FSharp.Core\prim-types.fs:line 5159
   at Circus.Persistence.Postgres.Tests.UnlockFailureTests.f@1-1(NpgsqlDataSource adminDataSource, Unit unitVar) in /home/thecircus/Projects/thecircus/tests/Circus.Persistence.Postgres.Tests/UnlockFailureTests.fs:line 284
   at Circus.Persistence.Postgres.Tests.UnlockFailureTests.tests@270-1.Invoke(Unit unitVar) in /home/thecircus/Projects/thecircus/tests/Circus.Persistence.Postgres.Tests/UnlockFailureTests.fs:line 272[37m [37m<[37mExpecto[37m>[37m
[0m[1000D[?25h[1000D[?25h[37m[[37m19:43:10 [37mINF[37m] [37mEXPECTO! [36m1[37m tests run in [32m00:00:03.4218295[37m for [36mCircus.Persistence.Postgres.Tests.Migration unlock-failure cleanup.failed 000003 with deterministic unlock failure preserves the migration SQLSTATE and exact invariant message, leaves only 000003 unrecorded[37m – [36m0[37m passed, [36m0[37m ignored, [36m1[37m failed, [36m0[37m errored. [36m[37m [37m<[37mExpecto[37m>[37m
[0m[1000D[?25h[37m[[37m19:43:10 [37mINF[37m] [37mEXPECTO?! Summary...
Passed: [36m 0[37m
Ignored: [36m0[37m
Failed: [36m 1
	Circus.Persistence.Postgres.Tests.Migration unlock-failure cleanup.failed 000003 with deterministic unlock failure preserves the migration SQLSTATE and exact invariant message, leaves only 000003 unrecorded[37m
Errored: [36m0[37m [37m<[37mExpecto[37m>[37m
[0m[testcontainers.org 00:00:08.91] Stop Docker container 713be6761335
