[testcontainers.org 00:00:00.28] Connected to Docker:
  Host: unix:///var/run/docker.sock
  Server Version: 29.6.2
  Kernel Version: 6.17.0-19-generic
  API Version: 1.55
  Operating System: Linux Mint 22.3
  Total Memory: 78.45 GB
[testcontainers.org 00:00:00.69] Docker container d0fc93b8b79b created
[testcontainers.org 00:00:00.80] Start Docker container d0fc93b8b79b
[testcontainers.org 00:00:01.12] Wait for Docker container d0fc93b8b79b to complete readiness checks
[testcontainers.org 00:00:02.16] Docker container d0fc93b8b79b ready
[testcontainers.org 00:00:02.36] Docker container bb73e8ac4c10 created
[testcontainers.org 00:00:02.36] Start Docker container bb73e8ac4c10
[testcontainers.org 00:00:02.55] Wait for Docker container bb73e8ac4c10 to complete readiness checks
[testcontainers.org 00:00:02.56] Execute "pg_isready --host localhost --dbname circus_test --username postgres" at Docker container bb73e8ac4c10
[testcontainers.org 00:00:03.71] Execute "pg_isready --host localhost --dbname circus_test --username postgres" at Docker container bb73e8ac4c10
[testcontainers.org 00:00:04.83] Execute "pg_isready --host localhost --dbname circus_test --username postgres" at Docker container bb73e8ac4c10
[testcontainers.org 00:00:04.94] Docker container bb73e8ac4c10 ready
[37m[[37m19:41:22 [37mINF[37m] [37mEXPECTO? Running tests...[37m [37m<[37mExpecto[37m>[37m
[0m[1000D[?25h[37m[[37m19:41:23 [31mERR[37m] [36mCircus.Persistence.Postgres.Tests.Incremental projection equals journal rebuild.finished then started is complete and rebuild-equivalent[37m failed in [32m00:00:00.4570000[37m. [36m
Order is preserved by both paths.
Record does not match at position 12 for field named `FinishedAt`. Expected field with value: Some 7/15/2026 12:00:00 PM +00:00, but got Some 7/15/2026 12:01:00 PM +00:00.
[32mexpected[36m:
{ RunId = RunId a503f0be-b04d-4607-b150-4c1eeab90345
  State = Completed
  StartedEvent = Some (JournalPosition 2L)
  FinishedEvent = Some (JournalPosition 1L)
  Repository = Some RepositoryRef "circus-repository"
  ActId = Some ActId "ACT-TEST"
  LeamasVersion = Some LeamasVersion "1.0.0"
  GitRevision = Some "abcdef"
  StartedBy = Some "test"
  StartedAt = Some 7/15/2026 12:00:00 PM +00:00
  Outcome = Some Failed
  FinishedAt = Some 7/15/2026 12:0[32m0[36m:00 PM +00:00
  DurationMilliseconds = Some 1000L
  Summary = Some "finished"
  Checks = Some { Passed = 3
                  Failed = 1
                  Skipped = 0 }
  FirstJournalPosition = JournalPosition 1L
  LastJournalPosition = JournalPosition 2L
  ConflictCount = 0
  Version = 2L }
[31m  actual[36m:
{ RunId = RunId a503f0be-b04d-4607-b150-4c1eeab90345
  State = Completed
  StartedEvent = Some (JournalPosition 2L)
  FinishedEvent = Some (JournalPosition 1L)
  Repository = Some RepositoryRef "circus-repository"
  ActId = Some ActId "ACT-TEST"
  LeamasVersion = Some LeamasVersion "1.0.0"
  GitRevision = Some "abcdef"
  StartedBy = Some "test"
  StartedAt = Some 7/15/2026 12:00:00 PM +00:00
  Outcome = Some Failed
  FinishedAt = Some 7/15/2026 12:0[31m1[36m:00 PM +00:00
  DurationMilliseconds = Some 1000L
  Summary = Some "finished"
  Checks = Some { Passed = 3
                  Failed = 1
                  Skipped = 0 }
  FirstJournalPosition = JournalPosition 1L
  LastJournalPosition = JournalPosition 2L
  ConflictCount = 0
  Version = 2L }
   at Circus.Persistence.Postgres.Tests.ProjectionIntegrationTests.tests@50-1.Invoke(Unit unitVar) in /home/thecircus/Projects/thecircus/tests/Circus.Persistence.Postgres.Tests/ProjectionIntegrationTests.fs:line 69
   at Expecto.Impl.execTestAsync@579-1.Invoke(Unit unitVar)
   at Microsoft.FSharp.Control.AsyncPrimitives.CallThenInvoke[T,TResult](AsyncActivation`1 ctxt, TResult result1, FSharpFunc`2 part2) in D:\a\_work\1\s\src\FSharp.Core\async.fs:line 510
   at Microsoft.FSharp.Control.Trampoline.Execute(FSharpFunc`2 firstAction) in D:\a\_work\1\s\src\FSharp.Core\async.fs:line 112[37m [37m<[37mExpecto[37m>[37m
[0m[1000D[?25h[1000D[?25h[37m[[37m19:41:23 [37mINF[37m] [37mEXPECTO! [36m1[37m tests run in [32m00:00:00.5419111[37m for [36mCircus.Persistence.Postgres.Tests.Incremental projection equals journal rebuild.finished then started is complete and rebuild-equivalent[37m – [36m0[37m passed, [36m0[37m ignored, [36m1[37m failed, [36m0[37m errored. [36m[37m [37m<[37mExpecto[37m>[37m
[0m[1000D[?25h[37m[[37m19:41:23 [37mINF[37m] [37mEXPECTO?! Summary...
Passed: [36m 0[37m
Ignored: [36m0[37m
Failed: [36m 1
	Circus.Persistence.Postgres.Tests.Incremental projection equals journal rebuild.finished then started is complete and rebuild-equivalent[37m
Errored: [36m0[37m [37m<[37mExpecto[37m>[37m
[0m[testcontainers.org 00:00:06.22] Stop Docker container bb73e8ac4c10
