[testcontainers.org 00:00:00.28] Connected to Docker:
  Host: unix:///var/run/docker.sock
  Server Version: 29.6.2
  Kernel Version: 6.17.0-19-generic
  API Version: 1.55
  Operating System: Linux Mint 22.3
  Total Memory: 78.45 GB
[testcontainers.org 00:00:00.66] Docker container 367f53d4120d created
[testcontainers.org 00:00:00.75] Start Docker container 367f53d4120d
[testcontainers.org 00:00:01.02] Wait for Docker container 367f53d4120d to complete readiness checks
[testcontainers.org 00:00:02.06] Docker container 367f53d4120d ready
[testcontainers.org 00:00:02.30] Docker container 447aa178ab9a created
[testcontainers.org 00:00:02.30] Start Docker container 447aa178ab9a
[testcontainers.org 00:00:02.52] Wait for Docker container 447aa178ab9a to complete readiness checks
[testcontainers.org 00:00:02.53] Execute "pg_isready --host localhost --dbname circus_test --username postgres" at Docker container 447aa178ab9a
[testcontainers.org 00:00:03.69] Execute "pg_isready --host localhost --dbname circus_test --username postgres" at Docker container 447aa178ab9a
[testcontainers.org 00:00:04.81] Execute "pg_isready --host localhost --dbname circus_test --username postgres" at Docker container 447aa178ab9a
[testcontainers.org 00:00:04.94] Docker container 447aa178ab9a ready
[37m[[37m19:40:26 [37mINF[37m] [37mEXPECTO? Running tests...[37m [37m<[37mExpecto[37m>[37m
[0m[1000D[?25h[testcontainers.org 00:00:05.96] Docker container f6a86dd66ddb created
[0m[1000D[?25h[testcontainers.org 00:00:05.96] Start Docker container f6a86dd66ddb
[0m[1000D[?25h[testcontainers.org 00:00:06.16] Wait for Docker container f6a86dd66ddb to complete readiness checks
[0m[1000D[?25h[testcontainers.org 00:00:06.16] Execute "pg_isready --host localhost --dbname circus_unlock_recover_40f669980c224703855414941667f093 --username postgres" at Docker container f6a86dd66ddb
[0m[1000D[?25h[testcontainers.org 00:00:07.30] Execute "pg_isready --host localhost --dbname circus_unlock_recover_40f669980c224703855414941667f093 --username postgres" at Docker container f6a86dd66ddb
[0m[1000D[?25h[testcontainers.org 00:00:08.42] Execute "pg_isready --host localhost --dbname circus_unlock_recover_40f669980c224703855414941667f093 --username postgres" at Docker container f6a86dd66ddb
[0m[1000D[?25h[testcontainers.org 00:00:08.56] Docker container f6a86dd66ddb ready
[0m[1000D[?25h[testcontainers.org 00:00:08.83] Stop Docker container f6a86dd66ddb
[0m[1000D[?25h[37m[[37m19:40:29 [31mERR[37m] [36mCircus.Persistence.Postgres.Tests.Migration unlock-failure cleanup.successful migration with deterministic unlock failure leaves the cluster ready for a follow-up real migrate run[37m failed in [32m00:00:03.3640000[37m. [36m
Recovery migration records 000003 after the unlock-failure cleanup cleared the pool. Expected subject string 'System.String[]' to contain substring '000003_runtime_grant_hardening'.
   at Circus.Persistence.Postgres.Tests.UnlockFailureTests.tests@399-11.Invoke(NpgsqlCommand verifyCmd) in /home/thecircus/Projects/thecircus/tests/Circus.Persistence.Postgres.Tests/UnlockFailureTests.fs:line 404
   at Microsoft.FSharp.Core.Operators.Using[T,TResult](T resource, FSharpFunc`2 action) in D:\a\_work\1\s\src\FSharp.Core\prim-types.fs:line 5159
   at Microsoft.FSharp.Core.Operators.Using[T,TResult](T resource, FSharpFunc`2 action) in D:\a\_work\1\s\src\FSharp.Core\prim-types.fs:line 5159
   at Circus.Persistence.Postgres.Tests.UnlockFailureTests.f@1-2(NpgsqlDataSource adminDataSource, Unit unitVar) in /home/thecircus/Projects/thecircus/tests/Circus.Persistence.Postgres.Tests/UnlockFailureTests.fs:line 396
   at Circus.Persistence.Postgres.Tests.UnlockFailureTests.tests@375-2.Invoke(Unit unitVar) in /home/thecircus/Projects/thecircus/tests/Circus.Persistence.Postgres.Tests/UnlockFailureTests.fs:line 377[37m [37m<[37mExpecto[37m>[37m
[0m[1000D[?25h[1000D[?25h[37m[[37m19:40:29 [37mINF[37m] [37mEXPECTO! [36m1[37m tests run in [32m00:00:03.4601347[37m for [36mCircus.Persistence.Postgres.Tests.Migration unlock-failure cleanup.successful migration with deterministic unlock failure leaves the cluster ready for a follow-up real migrate run[37m – [36m0[37m passed, [36m0[37m ignored, [36m1[37m failed, [36m0[37m errored. [36m[37m [37m<[37mExpecto[37m>[37m
[0m[1000D[?25h[37m[[37m19:40:29 [37mINF[37m] [37mEXPECTO?! Summary...
Passed: [36m 0[37m
Ignored: [36m0[37m
Failed: [36m 1
	Circus.Persistence.Postgres.Tests.Migration unlock-failure cleanup.successful migration with deterministic unlock failure leaves the cluster ready for a follow-up real migrate run[37m
Errored: [36m0[37m [37m<[37mExpecto[37m>[37m
[0m[testcontainers.org 00:00:09.16] Stop Docker container 447aa178ab9a
