[testcontainers.org 00:00:00.30] Connected to Docker:
  Host: unix:///var/run/docker.sock
  Server Version: 29.6.2
  Kernel Version: 6.17.0-19-generic
  API Version: 1.55
  Operating System: Linux Mint 22.3
  Total Memory: 78.45 GB
[testcontainers.org 00:00:00.69] Docker container bbbe37203bdf created
[testcontainers.org 00:00:00.78] Start Docker container bbbe37203bdf
[testcontainers.org 00:00:01.06] Wait for Docker container bbbe37203bdf to complete readiness checks
[testcontainers.org 00:00:02.10] Docker container bbbe37203bdf ready
[testcontainers.org 00:00:02.33] Docker container f14a30535da9 created
[testcontainers.org 00:00:02.33] Start Docker container f14a30535da9
[testcontainers.org 00:00:02.54] Wait for Docker container f14a30535da9 to complete readiness checks
[testcontainers.org 00:00:02.55] Execute "pg_isready --host localhost --dbname circus_test --username postgres" at Docker container f14a30535da9
[testcontainers.org 00:00:03.71] Execute "pg_isready --host localhost --dbname circus_test --username postgres" at Docker container f14a30535da9
[testcontainers.org 00:00:04.84] Execute "pg_isready --host localhost --dbname circus_test --username postgres" at Docker container f14a30535da9
[testcontainers.org 00:00:04.98] Docker container f14a30535da9 ready
[37m[[37m19:38:24 [37mINF[37m] [37mEXPECTO? Running tests...[37m [37m<[37mExpecto[37m>[37m
[0m[1000D[?25h[37m[[37m19:38:24 [31mERR[37m] [36mCircus.Persistence.Postgres.Tests.Migration and least privilege.legacy already-applied 000001 public schema is reconciled by 000002 and 000003[37m failed in [32m00:00:00.3980000[37m. [36m
legacy: 000001 recorded. Expected subject string 'System.String[]' to contain substring '000001_event_journal'.
   at Circus.Persistence.Postgres.Tests.MigrationTests.runMigrationAndAssertions(PostgresFixture fixture, String label, FSharpOption`1 preMigrationSql) in /home/thecircus/Projects/thecircus/tests/Circus.Persistence.Postgres.Tests/MigrationTests.fs:line 85
   at Circus.Persistence.Postgres.Tests.MigrationTests.tests@241-1.Invoke(Unit unitVar) in /home/thecircus/Projects/thecircus/tests/Circus.Persistence.Postgres.Tests/MigrationTests.fs:line 242
   at Expecto.Impl.execTestAsync@579-1.Invoke(Unit unitVar)
   at Microsoft.FSharp.Control.AsyncPrimitives.CallThenInvoke[T,TResult](AsyncActivation`1 ctxt, TResult result1, FSharpFunc`2 part2) in D:\a\_work\1\s\src\FSharp.Core\async.fs:line 510
   at Microsoft.FSharp.Control.Trampoline.Execute(FSharpFunc`2 firstAction) in D:\a\_work\1\s\src\FSharp.Core\async.fs:line 112[37m [37m<[37mExpecto[37m>[37m
[0m[1000D[?25h[1000D[?25h[37m[[37m19:38:24 [37mINF[37m] [37mEXPECTO! [36m1[37m tests run in [32m00:00:00.5017939[37m for [36mCircus.Persistence.Postgres.Tests.Migration and least privilege.legacy already-applied 000001 public schema is reconciled by 000002 and 000003[37m – [36m0[37m passed, [36m0[37m ignored, [36m1[37m failed, [36m0[37m errored. [36m[37m [37m<[37mExpecto[37m>[37m
[0m[1000D[?25h[37m[[37m19:38:24 [37mINF[37m] [37mEXPECTO?! Summary...
Passed: [36m 0[37m
Ignored: [36m0[37m
Failed: [36m 1
	Circus.Persistence.Postgres.Tests.Migration and least privilege.legacy already-applied 000001 public schema is reconciled by 000002 and 000003[37m
Errored: [36m0[37m [37m<[37mExpecto[37m>[37m
[0m[testcontainers.org 00:00:06.29] Stop Docker container f14a30535da9
