[testcontainers.org 00:00:00.32] Connected to Docker:
  Host: unix:///var/run/docker.sock
  Server Version: 29.6.2
  Kernel Version: 6.17.0-19-generic
  API Version: 1.55
  Operating System: Linux Mint 22.3
  Total Memory: 78.45 GB
[testcontainers.org 00:00:00.72] Docker container 230f95857da8 created
[testcontainers.org 00:00:00.80] Start Docker container 230f95857da8
[testcontainers.org 00:00:01.03] Wait for Docker container 230f95857da8 to complete readiness checks
[testcontainers.org 00:00:02.07] Docker container 230f95857da8 ready
[testcontainers.org 00:00:02.28] Docker container 8962703050cf created
[testcontainers.org 00:00:02.29] Start Docker container 8962703050cf
[testcontainers.org 00:00:02.52] Wait for Docker container 8962703050cf to complete readiness checks
[testcontainers.org 00:00:02.53] Execute "pg_isready --host localhost --dbname circus_test --username postgres" at Docker container 8962703050cf
[testcontainers.org 00:00:03.69] Execute "pg_isready --host localhost --dbname circus_test --username postgres" at Docker container 8962703050cf
[testcontainers.org 00:00:04.81] Execute "pg_isready --host localhost --dbname circus_test --username postgres" at Docker container 8962703050cf
[testcontainers.org 00:00:04.94] Docker container 8962703050cf ready
[37m[[37m19:39:26 [37mINF[37m] [37mEXPECTO? Running tests...[37m [37m<[37mExpecto[37m>[37m
[0m[1000D[?25h[testcontainers.org 00:00:05.87] Docker container de2b86b1f050 created
[0m[1000D[?25h[testcontainers.org 00:00:05.88] Start Docker container de2b86b1f050
[0m[1000D[?25h[testcontainers.org 00:00:06.09] Wait for Docker container de2b86b1f050 to complete readiness checks
[0m[1000D[?25h[testcontainers.org 00:00:06.09] Execute "pg_isready --host localhost --dbname circus_poolsize1_6e116128820f425ca4303a92b6a40c60 --username postgres" at Docker container de2b86b1f050
[0m[1000D[?25h[testcontainers.org 00:00:07.22] Execute "pg_isready --host localhost --dbname circus_poolsize1_6e116128820f425ca4303a92b6a40c60 --username postgres" at Docker container de2b86b1f050
[0m[1000D[?25h[testcontainers.org 00:00:08.33] Execute "pg_isready --host localhost --dbname circus_poolsize1_6e116128820f425ca4303a92b6a40c60 --username postgres" at Docker container de2b86b1f050
[0m[1000D[?25h[testcontainers.org 00:00:08.47] Docker container de2b86b1f050 ready
[0m[1000D[?25h[testcontainers.org 00:00:08.69] Stop Docker container de2b86b1f050
[0m[1000D[?25h[37m[[37m19:39:30 [31mERR[37m] [36mCircus.Persistence.Postgres.Tests.Migration and least privilege.migration runs to completion with Maximum Pool Size = 1[37m failed in [32m00:00:03.3340000[37m. [36m
Pool-size-1 migration recorded 000003. Expected subject string 'System.String[]' to contain substring '000003_runtime_grant_hardening'.
   at Circus.Persistence.Postgres.Tests.MigrationTests.tests@394-9.Invoke(NpgsqlDataSource adminDataSource) in /home/thecircus/Projects/thecircus/tests/Circus.Persistence.Postgres.Tests/MigrationTests.fs:line 402
   at Microsoft.FSharp.Core.Operators.Using[T,TResult](T resource, FSharpFunc`2 action) in D:\a\_work\1\s\src\FSharp.Core\prim-types.fs:line 5159
   at Circus.Persistence.Postgres.Tests.MigrationTests.f@1-14(TestCaseBuilder builder@, PostgreSqlContainer container, Unit unitVar) in /home/thecircus/Projects/thecircus/tests/Circus.Persistence.Postgres.Tests/MigrationTests.fs:line 392
   at Circus.Persistence.Postgres.Tests.MigrationTests.tests@376-8.Invoke(Unit unitVar) in /home/thecircus/Projects/thecircus/tests/Circus.Persistence.Postgres.Tests/MigrationTests.fs:line 385
   at Expecto.Impl.execTestAsync@579-1.Invoke(Unit unitVar)[37m [37m<[37mExpecto[37m>[37m
[0m[1000D[?25h[1000D[?25h[37m[[37m19:39:30 [37mINF[37m] [37mEXPECTO! [36m1[37m tests run in [32m00:00:03.4137578[37m for [36mCircus.Persistence.Postgres.Tests.Migration and least privilege.migration runs to completion with Maximum Pool Size = 1[37m – [36m0[37m passed, [36m0[37m ignored, [36m1[37m failed, [36m0[37m errored. [36m[37m [37m<[37mExpecto[37m>[37m
[0m[1000D[?25h[37m[[37m19:39:30 [37mINF[37m] [37mEXPECTO?! Summary...
Passed: [36m 0[37m
Ignored: [36m0[37m
Failed: [36m 1
	Circus.Persistence.Postgres.Tests.Migration and least privilege.migration runs to completion with Maximum Pool Size = 1[37m
Errored: [36m0[37m [37m<[37mExpecto[37m>[37m
[0m[testcontainers.org 00:00:09.06] Stop Docker container 8962703050cf
