[testcontainers.org 00:00:00.30] Connected to Docker:
  Host: unix:///var/run/docker.sock
  Server Version: 29.6.2
  Kernel Version: 6.17.0-19-generic
  API Version: 1.55
  Operating System: Linux Mint 22.3
  Total Memory: 78.45 GB
[testcontainers.org 00:00:00.66] Docker container 3690a1828b19 created
[testcontainers.org 00:00:00.73] Start Docker container 3690a1828b19
[testcontainers.org 00:00:00.96] Wait for Docker container 3690a1828b19 to complete readiness checks
[testcontainers.org 00:00:02.00] Docker container 3690a1828b19 ready
[testcontainers.org 00:00:02.23] Docker container 7de026758ed7 created
[testcontainers.org 00:00:02.23] Start Docker container 7de026758ed7
[testcontainers.org 00:00:02.44] Wait for Docker container 7de026758ed7 to complete readiness checks
[testcontainers.org 00:00:02.45] Execute "pg_isready --host localhost --dbname circus_test --username postgres" at Docker container 7de026758ed7
[testcontainers.org 00:00:03.62] Execute "pg_isready --host localhost --dbname circus_test --username postgres" at Docker container 7de026758ed7
[testcontainers.org 00:00:04.74] Execute "pg_isready --host localhost --dbname circus_test --username postgres" at Docker container 7de026758ed7
[testcontainers.org 00:00:04.87] Docker container 7de026758ed7 ready
[37m[[37m19:39:05 [37mINF[37m] [37mEXPECTO? Running tests...[37m [37m<[37mExpecto[37m>[37m
[0m[1000D[?25h[testcontainers.org 00:00:05.92] Docker container 8b8fd91630a8 created
[0m[1000D[?25h[testcontainers.org 00:00:05.93] Start Docker container 8b8fd91630a8
[0m[1000D[?25h[testcontainers.org 00:00:06.19] Wait for Docker container 8b8fd91630a8 to complete readiness checks
[0m[1000D[?25h[testcontainers.org 00:00:06.19] Execute "pg_isready --host localhost --dbname circus_poolsize1_6fd31fb180b4407f84c6ccbf7042879a --username postgres" at Docker container 8b8fd91630a8
[0m[1000D[?25h[testcontainers.org 00:00:07.32] Execute "pg_isready --host localhost --dbname circus_poolsize1_6fd31fb180b4407f84c6ccbf7042879a --username postgres" at Docker container 8b8fd91630a8
[0m[1000D[?25h[testcontainers.org 00:00:08.44] Execute "pg_isready --host localhost --dbname circus_poolsize1_6fd31fb180b4407f84c6ccbf7042879a --username postgres" at Docker container 8b8fd91630a8
[0m[1000D[?25h[testcontainers.org 00:00:08.57] Docker container 8b8fd91630a8 ready
[0m[1000D[?25h[testcontainers.org 00:00:08.83] Stop Docker container 8b8fd91630a8
[0m[1000D[?25h[37m[[37m19:39:08 [31mERR[37m] [36mCircus.Persistence.Postgres.Tests.Migration and least privilege.migration runs to completion with Maximum Pool Size = 1[37m failed in [32m00:00:03.3870000[37m. [36m
Pool-size-1 migration recorded 000003. Expected subject string 'System.String[]' to contain substring '000003_runtime_grant_hardening'.
   at Circus.Persistence.Postgres.Tests.MigrationTests.tests@394-9.Invoke(NpgsqlDataSource adminDataSource) in /home/thecircus/Projects/thecircus/tests/Circus.Persistence.Postgres.Tests/MigrationTests.fs:line 402
   at Microsoft.FSharp.Core.Operators.Using[T,TResult](T resource, FSharpFunc`2 action) in D:\a\_work\1\s\src\FSharp.Core\prim-types.fs:line 5159
   at Circus.Persistence.Postgres.Tests.MigrationTests.f@1-14(TestCaseBuilder builder@, PostgreSqlContainer container, Unit unitVar) in /home/thecircus/Projects/thecircus/tests/Circus.Persistence.Postgres.Tests/MigrationTests.fs:line 392
   at Circus.Persistence.Postgres.Tests.MigrationTests.tests@376-8.Invoke(Unit unitVar) in /home/thecircus/Projects/thecircus/tests/Circus.Persistence.Postgres.Tests/MigrationTests.fs:line 385
   at Expecto.Impl.execTestAsync@579-1.Invoke(Unit unitVar)[37m [37m<[37mExpecto[37m>[37m
[0m[1000D[?25h[1000D[?25h[37m[[37m19:39:08 [37mINF[37m] [37mEXPECTO! [36m1[37m tests run in [32m00:00:03.4839856[37m for [36mCircus.Persistence.Postgres.Tests.Migration and least privilege.migration runs to completion with Maximum Pool Size = 1[37m – [36m0[37m passed, [36m0[37m ignored, [36m1[37m failed, [36m0[37m errored. [36m[37m [37m<[37mExpecto[37m>[37m
[0m[1000D[?25h[37m[[37m19:39:08 [37mINF[37m] [37mEXPECTO?! Summary...
Passed: [36m 0[37m
Ignored: [36m0[37m
Failed: [36m 1
	Circus.Persistence.Postgres.Tests.Migration and least privilege.migration runs to completion with Maximum Pool Size = 1[37m
Errored: [36m0[37m [37m<[37mExpecto[37m>[37m
[0m[testcontainers.org 00:00:09.15] Stop Docker container 7de026758ed7
