[testcontainers.org 00:00:00.31] Connected to Docker:
  Host: unix:///var/run/docker.sock
  Server Version: 29.6.2
  Kernel Version: 6.17.0-19-generic
  API Version: 1.55
  Operating System: Linux Mint 22.3
  Total Memory: 78.45 GB
[testcontainers.org 00:00:00.71] Docker container 48322167d2a4 created
[testcontainers.org 00:00:00.82] Start Docker container 48322167d2a4
[testcontainers.org 00:00:01.07] Wait for Docker container 48322167d2a4 to complete readiness checks
[testcontainers.org 00:00:02.10] Docker container 48322167d2a4 ready
[testcontainers.org 00:00:02.35] Docker container 0803b97859c7 created
[testcontainers.org 00:00:02.35] Start Docker container 0803b97859c7
[testcontainers.org 00:00:02.60] Wait for Docker container 0803b97859c7 to complete readiness checks
[testcontainers.org 00:00:02.61] Execute "pg_isready --host localhost --dbname circus_test --username postgres" at Docker container 0803b97859c7
[testcontainers.org 00:00:03.79] Execute "pg_isready --host localhost --dbname circus_test --username postgres" at Docker container 0803b97859c7
[testcontainers.org 00:00:04.91] Execute "pg_isready --host localhost --dbname circus_test --username postgres" at Docker container 0803b97859c7
[testcontainers.org 00:00:05.05] Docker container 0803b97859c7 ready
[37m[[37m19:38:54 [37mINF[37m] [37mEXPECTO? Running tests...[37m [37m<[37mExpecto[37m>[37m
[0m[1000D[?25h[testcontainers.org 00:00:06.19] Docker container d929f0e25fb3 created
[0m[1000D[?25h[testcontainers.org 00:00:06.19] Start Docker container d929f0e25fb3
[0m[1000D[?25h[testcontainers.org 00:00:06.40] Wait for Docker container d929f0e25fb3 to complete readiness checks
[0m[1000D[?25h[testcontainers.org 00:00:06.41] Execute "pg_isready --host localhost --dbname circus_released_parent_e6ebc28974f44ac7937156d4f81ce1f9 --username postgres" at Docker container d929f0e25fb3
[0m[1000D[?25h[testcontainers.org 00:00:07.53] Execute "pg_isready --host localhost --dbname circus_released_parent_e6ebc28974f44ac7937156d4f81ce1f9 --username postgres" at Docker container d929f0e25fb3
[0m[1000D[?25h[testcontainers.org 00:00:08.64] Execute "pg_isready --host localhost --dbname circus_released_parent_e6ebc28974f44ac7937156d4f81ce1f9 --username postgres" at Docker container d929f0e25fb3
[0m[1000D[?25h[testcontainers.org 00:00:08.76] Docker container d929f0e25fb3 ready
[0m[1000D[?25h[testcontainers.org 00:00:09.03] Stop Docker container d929f0e25fb3
[0m[1000D[?25h[37m[[37m19:38:57 [31mERR[37m] [36mCircus.Persistence.Postgres.Tests.Migration and least privilege.released-parent 000001+000002 in circus ledger with circus_owner absent is corrected by 000003[37m failed in [32m00:00:03.3420000[37m. [36m
released-parent: 000001 recorded. Expected subject string 'System.String[]' to contain substring '000001_event_journal'.
   at Circus.Persistence.Postgres.Tests.MigrationTests.runReleasedParentTest() in /home/thecircus/Projects/thecircus/tests/Circus.Persistence.Postgres.Tests/MigrationTests.fs:line 172
   at Circus.Persistence.Postgres.Tests.MigrationTests.tests@246-2.Invoke(Unit unitVar) in /home/thecircus/Projects/thecircus/tests/Circus.Persistence.Postgres.Tests/MigrationTests.fs:line 246
   at Expecto.Impl.execTestAsync@579-1.Invoke(Unit unitVar)
   at Microsoft.FSharp.Control.AsyncPrimitives.CallThenInvoke[T,TResult](AsyncActivation`1 ctxt, TResult result1, FSharpFunc`2 part2) in D:\a\_work\1\s\src\FSharp.Core\async.fs:line 510
   at Microsoft.FSharp.Control.Trampoline.Execute(FSharpFunc`2 firstAction) in D:\a\_work\1\s\src\FSharp.Core\async.fs:line 112[37m [37m<[37mExpecto[37m>[37m
[0m[1000D[?25h[1000D[?25h[37m[[37m19:38:57 [37mINF[37m] [37mEXPECTO! [36m1[37m tests run in [32m00:00:03.4378470[37m for [36mCircus.Persistence.Postgres.Tests.Migration and least privilege.released-parent 000001+000002 in circus ledger with circus_owner absent is corrected by 000003[37m – [36m0[37m passed, [36m0[37m ignored, [36m1[37m failed, [36m0[37m errored. [36m[37m [37m<[37mExpecto[37m>[37m
[0m[1000D[?25h[37m[[37m19:38:57 [37mINF[37m] [37mEXPECTO?! Summary...
Passed: [36m 0[37m
Ignored: [36m0[37m
Failed: [36m 1
	Circus.Persistence.Postgres.Tests.Migration and least privilege.released-parent 000001+000002 in circus ledger with circus_owner absent is corrected by 000003[37m
Errored: [36m0[37m [37m<[37mExpecto[37m>[37m
[0m[testcontainers.org 00:00:09.34] Stop Docker container 0803b97859c7
