[testcontainers.org 00:00:00.30] Connected to Docker:
  Host: unix:///var/run/docker.sock
  Server Version: 29.6.2
  Kernel Version: 6.17.0-19-generic
  API Version: 1.55
  Operating System: Linux Mint 22.3
  Total Memory: 78.45 GB
[testcontainers.org 00:00:00.67] Docker container f600d7bb5c8f created
[testcontainers.org 00:00:00.75] Start Docker container f600d7bb5c8f
[testcontainers.org 00:00:00.99] Wait for Docker container f600d7bb5c8f to complete readiness checks
[testcontainers.org 00:00:02.03] Docker container f600d7bb5c8f ready
[testcontainers.org 00:00:02.29] Docker container a66ce324237f created
[testcontainers.org 00:00:02.30] Start Docker container a66ce324237f
[testcontainers.org 00:00:02.52] Wait for Docker container a66ce324237f to complete readiness checks
[testcontainers.org 00:00:02.53] Execute "pg_isready --host localhost --dbname circus_test --username postgres" at Docker container a66ce324237f
[testcontainers.org 00:00:03.70] Execute "pg_isready --host localhost --dbname circus_test --username postgres" at Docker container a66ce324237f
[testcontainers.org 00:00:04.81] Execute "pg_isready --host localhost --dbname circus_test --username postgres" at Docker container a66ce324237f
[testcontainers.org 00:00:04.94] Docker container a66ce324237f ready
[37m[[37m19:38:42 [37mINF[37m] [37mEXPECTO? Running tests...[37m [37m<[37mExpecto[37m>[37m
[0m[1000D[?25h[testcontainers.org 00:00:05.95] Docker container ff839e8c450c created
[0m[1000D[?25h[testcontainers.org 00:00:05.96] Start Docker container ff839e8c450c
[0m[1000D[?25h[testcontainers.org 00:00:06.17] Wait for Docker container ff839e8c450c to complete readiness checks
[0m[1000D[?25h[testcontainers.org 00:00:06.18] Execute "pg_isready --host localhost --dbname circus_released_parent_50513f5e1b8c46d9bdef671199a2a89d --username postgres" at Docker container ff839e8c450c
[0m[1000D[?25h[testcontainers.org 00:00:07.32] Execute "pg_isready --host localhost --dbname circus_released_parent_50513f5e1b8c46d9bdef671199a2a89d --username postgres" at Docker container ff839e8c450c
[0m[1000D[?25h[testcontainers.org 00:00:08.44] Execute "pg_isready --host localhost --dbname circus_released_parent_50513f5e1b8c46d9bdef671199a2a89d --username postgres" at Docker container ff839e8c450c
[0m[1000D[?25h[testcontainers.org 00:00:08.56] Docker container ff839e8c450c ready
[0m[1000D[?25h[testcontainers.org 00:00:08.84] Stop Docker container ff839e8c450c
[0m[1000D[?25h[37m[[37m19:38:46 [31mERR[37m] [36mCircus.Persistence.Postgres.Tests.Migration and least privilege.released-parent 000001+000002 in circus ledger with circus_owner absent is corrected by 000003[37m failed in [32m00:00:03.4870000[37m. [36m
released-parent: 000001 recorded. Expected subject string 'System.String[]' to contain substring '000001_event_journal'.
   at Circus.Persistence.Postgres.Tests.MigrationTests.runReleasedParentTest() in /home/thecircus/Projects/thecircus/tests/Circus.Persistence.Postgres.Tests/MigrationTests.fs:line 172
   at Circus.Persistence.Postgres.Tests.MigrationTests.tests@246-2.Invoke(Unit unitVar) in /home/thecircus/Projects/thecircus/tests/Circus.Persistence.Postgres.Tests/MigrationTests.fs:line 246
   at Expecto.Impl.execTestAsync@579-1.Invoke(Unit unitVar)
   at Microsoft.FSharp.Control.AsyncPrimitives.CallThenInvoke[T,TResult](AsyncActivation`1 ctxt, TResult result1, FSharpFunc`2 part2) in D:\a\_work\1\s\src\FSharp.Core\async.fs:line 510
   at Microsoft.FSharp.Control.Trampoline.Execute(FSharpFunc`2 firstAction) in D:\a\_work\1\s\src\FSharp.Core\async.fs:line 112[37m [37m<[37mExpecto[37m>[37m
[0m[1000D[?25h[1000D[?25h[37m[[37m19:38:46 [37mINF[37m] [37mEXPECTO! [36m1[37m tests run in [32m00:00:03.5933999[37m for [36mCircus.Persistence.Postgres.Tests.Migration and least privilege.released-parent 000001+000002 in circus ledger with circus_owner absent is corrected by 000003[37m – [36m0[37m passed, [36m0[37m ignored, [36m1[37m failed, [36m0[37m errored. [36m[37m [37m<[37mExpecto[37m>[37m
[0m[1000D[?25h[37m[[37m19:38:46 [37mINF[37m] [37mEXPECTO?! Summary...
Passed: [36m 0[37m
Ignored: [36m0[37m
Failed: [36m 1
	Circus.Persistence.Postgres.Tests.Migration and least privilege.released-parent 000001+000002 in circus ledger with circus_owner absent is corrected by 000003[37m
Errored: [36m0[37m [37m<[37mExpecto[37m>[37m
[0m[testcontainers.org 00:00:09.28] Stop Docker container a66ce324237f
