[testcontainers.org 00:00:00.25] Connected to Docker:
  Host: unix:///var/run/docker.sock
  Server Version: 29.6.2
  Kernel Version: 6.17.0-19-generic
  API Version: 1.55
  Operating System: Linux Mint 22.3
  Total Memory: 78.45 GB
[testcontainers.org 00:00:00.60] Docker container d1c699820478 created
[testcontainers.org 00:00:00.68] Start Docker container d1c699820478
[testcontainers.org 00:00:00.95] Wait for Docker container d1c699820478 to complete readiness checks
[testcontainers.org 00:00:01.98] Docker container d1c699820478 ready
[testcontainers.org 00:00:02.23] Docker container 23c0c443dfae created
[testcontainers.org 00:00:02.23] Start Docker container 23c0c443dfae
[testcontainers.org 00:00:02.48] Wait for Docker container 23c0c443dfae to complete readiness checks
[testcontainers.org 00:00:02.49] Execute "pg_isready --host localhost --dbname circus_test --username postgres" at Docker container 23c0c443dfae
[testcontainers.org 00:00:03.67] Execute "pg_isready --host localhost --dbname circus_test --username postgres" at Docker container 23c0c443dfae
[testcontainers.org 00:00:04.80] Execute "pg_isready --host localhost --dbname circus_test --username postgres" at Docker container 23c0c443dfae
[testcontainers.org 00:00:04.92] Docker container 23c0c443dfae ready
[37m[[37m19:38:31 [37mINF[37m] [37mEXPECTO? Running tests...[37m [37m<[37mExpecto[37m>[37m
[0m[1000D[?25h[testcontainers.org 00:00:05.93] Docker container 64b2ebc8c459 created
[0m[1000D[?25h[testcontainers.org 00:00:05.94] Start Docker container 64b2ebc8c459
[0m[1000D[?25h[testcontainers.org 00:00:06.14] Wait for Docker container 64b2ebc8c459 to complete readiness checks
[0m[1000D[?25h[testcontainers.org 00:00:06.14] Execute "pg_isready --host localhost --dbname circus_released_parent_990cd609d95e4c7a8c8e9749710d27a7 --username postgres" at Docker container 64b2ebc8c459
[0m[1000D[?25h[testcontainers.org 00:00:07.27] Execute "pg_isready --host localhost --dbname circus_released_parent_990cd609d95e4c7a8c8e9749710d27a7 --username postgres" at Docker container 64b2ebc8c459
[0m[1000D[?25h[testcontainers.org 00:00:08.39] Execute "pg_isready --host localhost --dbname circus_released_parent_990cd609d95e4c7a8c8e9749710d27a7 --username postgres" at Docker container 64b2ebc8c459
[0m[1000D[?25h[testcontainers.org 00:00:08.53] Docker container 64b2ebc8c459 ready
[0m[1000D[?25h[testcontainers.org 00:00:08.81] Stop Docker container 64b2ebc8c459
[0m[1000D[?25h[37m[[37m19:38:35 [31mERR[37m] [36mCircus.Persistence.Postgres.Tests.Migration and least privilege.released-parent 000001+000002 in circus ledger with circus_owner absent is corrected by 000003[37m failed in [32m00:00:03.3960000[37m. [36m
released-parent: 000001 recorded. Expected subject string 'System.String[]' to contain substring '000001_event_journal'.
   at Circus.Persistence.Postgres.Tests.MigrationTests.runReleasedParentTest() in /home/thecircus/Projects/thecircus/tests/Circus.Persistence.Postgres.Tests/MigrationTests.fs:line 172
   at Circus.Persistence.Postgres.Tests.MigrationTests.tests@246-2.Invoke(Unit unitVar) in /home/thecircus/Projects/thecircus/tests/Circus.Persistence.Postgres.Tests/MigrationTests.fs:line 246
   at Expecto.Impl.execTestAsync@579-1.Invoke(Unit unitVar)
   at Microsoft.FSharp.Control.AsyncPrimitives.CallThenInvoke[T,TResult](AsyncActivation`1 ctxt, TResult result1, FSharpFunc`2 part2) in D:\a\_work\1\s\src\FSharp.Core\async.fs:line 510
   at Microsoft.FSharp.Control.Trampoline.Execute(FSharpFunc`2 firstAction) in D:\a\_work\1\s\src\FSharp.Core\async.fs:line 112[37m [37m<[37mExpecto[37m>[37m
[0m[1000D[?25h[1000D[?25h[37m[[37m19:38:35 [37mINF[37m] [37mEXPECTO! [36m1[37m tests run in [32m00:00:03.4903807[37m for [36mCircus.Persistence.Postgres.Tests.Migration and least privilege.released-parent 000001+000002 in circus ledger with circus_owner absent is corrected by 000003[37m – [36m0[37m passed, [36m0[37m ignored, [36m1[37m failed, [36m0[37m errored. [36m[37m [37m<[37mExpecto[37m>[37m
[0m[1000D[?25h[37m[[37m19:38:35 [37mINF[37m] [37mEXPECTO?! Summary...
Passed: [36m 0[37m
Ignored: [36m0[37m
Failed: [36m 1
	Circus.Persistence.Postgres.Tests.Migration and least privilege.released-parent 000001+000002 in circus ledger with circus_owner absent is corrected by 000003[37m
Errored: [36m0[37m [37m<[37mExpecto[37m>[37m
[0m[testcontainers.org 00:00:09.20] Stop Docker container 23c0c443dfae
