[testcontainers.org 00:00:00.31] Connected to Docker:
  Host: unix:///var/run/docker.sock
  Server Version: 29.6.2
  Kernel Version: 6.17.0-19-generic
  API Version: 1.55
  Operating System: Linux Mint 22.3
  Total Memory: 78.45 GB
[testcontainers.org 00:00:00.75] Docker container a0f2575cd5ae created
[testcontainers.org 00:00:00.85] Start Docker container a0f2575cd5ae
[testcontainers.org 00:00:01.15] Wait for Docker container a0f2575cd5ae to complete readiness checks
[testcontainers.org 00:00:02.18] Docker container a0f2575cd5ae ready
[testcontainers.org 00:00:02.44] Docker container 991a70d2ea1e created
[testcontainers.org 00:00:02.44] Start Docker container 991a70d2ea1e
[testcontainers.org 00:00:02.66] Wait for Docker container 991a70d2ea1e to complete readiness checks
[testcontainers.org 00:00:02.67] Execute "pg_isready --host localhost --dbname circus_test --username postgres" at Docker container 991a70d2ea1e
[testcontainers.org 00:00:03.84] Execute "pg_isready --host localhost --dbname circus_test --username postgres" at Docker container 991a70d2ea1e
[testcontainers.org 00:00:04.97] Execute "pg_isready --host localhost --dbname circus_test --username postgres" at Docker container 991a70d2ea1e
[testcontainers.org 00:00:05.13] Docker container 991a70d2ea1e ready
[37m[[37m19:44:46 [37mINF[37m] [37mEXPECTO? Running tests...[37m [37m<[37mExpecto[37m>[37m
[0m[1000D[?25h[37m[[37m19:44:47 [31mERR[37m] [36mCircus.Persistence.Postgres.Tests.Semantic JSON replay across key reordering.compact original followed by reordered top-level keys is idempotent replay[37m errored in [32m00:00:00.3110000[37m [37m<[37mExpecto[37m>[37m
System.Exception: top-level keys: expected insert/replay, got Success
  (Inserted (JournalPosition 1L),
   Some { RunId = RunId ce614d5e-b2d1-4fcb-abb5-3955ad33f3d2
          State = StartedOnly
          StartedEvent = Some (JournalPosition 1L)
          FinishedEvent = None
          Repository = Some RepositoryRef "circus-repository"
          ActId = Some ActId "ACT-TEST"
          LeamasVersion = Some LeamasVersion "1.0.0"
          GitRevision = Some "abcdef"
          StartedBy = Some "test"
          StartedAt = Some 7/15/2026 12:00:00 PM +00:00
          Outcome = None
          FinishedAt = None
          DurationMilliseconds = None
          Summary = None
          Checks = None
          FirstJournalPosition = JournalPosition 1L
          LastJournalPosition = JournalPosition 1L
          ConflictCount = 0
          Version = 1L }) and Success (EventIdentityConflict (JournalPosition 1L), None)
[37m   at Microsoft.FSharp.Core.PrintfModule.PrintFormatToStringThenFail@1448.Invoke(String message)[37m
[37m   at Circus.Persistence.Postgres.Tests.SemanticReplayTests.assertReplay(PostgresFixture fixture, String label, ValidatedEvent event, IngestEventRequest first, IngestEventRequest replay) in /home/thecircus/Projects/thecircus/tests/Circus.Persistence.Postgres.Tests/SemanticReplayTests.fs:line 66[37m
[37m   at Circus.Persistence.Postgres.Tests.SemanticReplayTests.tests@80-1.Invoke(Unit unitVar) in /home/thecircus/Projects/thecircus/tests/Circus.Persistence.Postgres.Tests/SemanticReplayTests.fs:line 84[37m
[37m   at Expecto.Impl.execTestAsync@579-1.Invoke(Unit unitVar)[37m
[37m   at Microsoft.FSharp.Control.AsyncPrimitives.CallThenInvoke[T,TResult](AsyncActivation`1 ctxt, TResult result1, FSharpFunc`2 part2) in D:\a\_work\1\s\src\FSharp.Core\async.fs:line 510[37m
[37m   at Microsoft.FSharp.Control.Trampoline.Execute(FSharpFunc`2 firstAction) in D:\a\_work\1\s\src\FSharp.Core\async.fs:line 112[37m
[0m[1000D[?25h[1000D[?25h[37m[[37m19:44:47 [37mINF[37m] [37mEXPECTO! [36m1[37m tests run in [32m00:00:00.3991483[37m for [36mCircus.Persistence.Postgres.Tests.Semantic JSON replay across key reordering.compact original followed by reordered top-level keys is idempotent replay[37m – [36m0[37m passed, [36m0[37m ignored, [36m0[37m failed, [36m1[37m errored. [36m[37m [37m<[37mExpecto[37m>[37m
[0m[1000D[?25h[37m[[37m19:44:47 [37mINF[37m] [37mEXPECTO?! Summary...
Passed: [36m 0[37m
Ignored: [36m0[37m
Failed: [36m 0[37m
Errored: [36m1
	Circus.Persistence.Postgres.Tests.Semantic JSON replay across key reordering.compact original followed by reordered top-level keys is idempotent replay[37m [37m<[37mExpecto[37m>[37m
[0m[testcontainers.org 00:00:06.30] Stop Docker container 991a70d2ea1e
