[testcontainers.org 00:00:00.28] Connected to Docker:
  Host: unix:///var/run/docker.sock
  Server Version: 29.6.2
  Kernel Version: 6.17.0-19-generic
  API Version: 1.55
  Operating System: Linux Mint 22.3
  Total Memory: 78.45 GB
[testcontainers.org 00:00:00.63] Docker container 1ab43d806f27 created
[testcontainers.org 00:00:00.72] Start Docker container 1ab43d806f27
[testcontainers.org 00:00:00.99] Wait for Docker container 1ab43d806f27 to complete readiness checks
[testcontainers.org 00:00:02.03] Docker container 1ab43d806f27 ready
[testcontainers.org 00:00:02.25] Docker container cd966b9ddc6a created
[testcontainers.org 00:00:02.25] Start Docker container cd966b9ddc6a
[testcontainers.org 00:00:02.48] Wait for Docker container cd966b9ddc6a to complete readiness checks
[testcontainers.org 00:00:02.50] Execute "pg_isready --host localhost --dbname circus_test --username postgres" at Docker container cd966b9ddc6a
[testcontainers.org 00:00:03.68] Execute "pg_isready --host localhost --dbname circus_test --username postgres" at Docker container cd966b9ddc6a
[testcontainers.org 00:00:04.83] Execute "pg_isready --host localhost --dbname circus_test --username postgres" at Docker container cd966b9ddc6a
[testcontainers.org 00:00:04.95] Docker container cd966b9ddc6a ready
[37m[[37m19:44:54 [37mINF[37m] [37mEXPECTO? Running tests...[37m [37m<[37mExpecto[37m>[37m
[0m[1000D[?25h[37m[[37m19:44:55 [31mERR[37m] [36mCircus.Persistence.Postgres.Tests.Semantic JSON replay across key reordering.compact original followed by reordered top-level keys is idempotent replay[37m errored in [32m00:00:00.3670000[37m [37m<[37mExpecto[37m>[37m
System.Exception: top-level keys: expected insert/replay, got Success
  (Inserted (JournalPosition 1L),
   Some { RunId = RunId 4ab37e73-6c3b-4fe1-8a4d-4c55a92d128d
          State = StartedOnly
          StartedEvent = Some (JournalPosition 1L)
          FinishedEvent = None
          Repository = Some RepositoryRef "circus-repository"
          ActId = Some ActId "ACT-TEST"
          LeamasVersion = Some LeamasVersion "1.0.0"
          GitRevision = Some "abcdef"
          StartedBy = Some "test"
          StartedAt = Some 7/15/2026 12:00:00 PM +00:00
          Outcome = None
          FinishedAt = None
          DurationMilliseconds = None
          Summary = None
          Checks = None
          FirstJournalPosition = JournalPosition 1L
          LastJournalPosition = JournalPosition 1L
          ConflictCount = 0
          Version = 1L }) and Success (EventIdentityConflict (JournalPosition 1L), None)
[37m   at Microsoft.FSharp.Core.PrintfModule.PrintFormatToStringThenFail@1448.Invoke(String message)[37m
[37m   at Circus.Persistence.Postgres.Tests.SemanticReplayTests.assertReplay(PostgresFixture fixture, String label, ValidatedEvent event, IngestEventRequest first, IngestEventRequest replay) in /home/thecircus/Projects/thecircus/tests/Circus.Persistence.Postgres.Tests/SemanticReplayTests.fs:line 66[37m
[37m   at Circus.Persistence.Postgres.Tests.SemanticReplayTests.tests@80-1.Invoke(Unit unitVar) in /home/thecircus/Projects/thecircus/tests/Circus.Persistence.Postgres.Tests/SemanticReplayTests.fs:line 84[37m
[37m   at Expecto.Impl.execTestAsync@579-1.Invoke(Unit unitVar)[37m
[37m   at Microsoft.FSharp.Control.AsyncPrimitives.CallThenInvoke[T,TResult](AsyncActivation`1 ctxt, TResult result1, FSharpFunc`2 part2) in D:\a\_work\1\s\src\FSharp.Core\async.fs:line 510[37m
[37m   at Microsoft.FSharp.Control.Trampoline.Execute(FSharpFunc`2 firstAction) in D:\a\_work\1\s\src\FSharp.Core\async.fs:line 112[37m
[0m[1000D[?25h[1000D[?25h[37m[[37m19:44:55 [37mINF[37m] [37mEXPECTO! [36m1[37m tests run in [32m00:00:00.4518347[37m for [36mCircus.Persistence.Postgres.Tests.Semantic JSON replay across key reordering.compact original followed by reordered top-level keys is idempotent replay[37m – [36m0[37m passed, [36m0[37m ignored, [36m0[37m failed, [36m1[37m errored. [36m[37m [37m<[37mExpecto[37m>[37m
[0m[1000D[?25h[37m[[37m19:44:55 [37mINF[37m] [37mEXPECTO?! Summary...
Passed: [36m 0[37m
Ignored: [36m0[37m
Failed: [36m 0[37m
Errored: [36m1
	Circus.Persistence.Postgres.Tests.Semantic JSON replay across key reordering.compact original followed by reordered top-level keys is idempotent replay[37m [37m<[37mExpecto[37m>[37m
[0m[testcontainers.org 00:00:06.22] Stop Docker container cd966b9ddc6a
