[testcontainers.org 00:00:00.30] Connected to Docker:
  Host: unix:///var/run/docker.sock
  Server Version: 29.6.2
  Kernel Version: 6.17.0-19-generic
  API Version: 1.55
  Operating System: Linux Mint 22.3
  Total Memory: 78.45 GB
[testcontainers.org 00:00:00.67] Docker container 09eb01870b36 created
[testcontainers.org 00:00:00.74] Start Docker container 09eb01870b36
[testcontainers.org 00:00:00.96] Wait for Docker container 09eb01870b36 to complete readiness checks
[testcontainers.org 00:00:02.00] Docker container 09eb01870b36 ready
[testcontainers.org 00:00:02.22] Docker container 296bd413511a created
[testcontainers.org 00:00:02.22] Start Docker container 296bd413511a
[testcontainers.org 00:00:02.42] Wait for Docker container 296bd413511a to complete readiness checks
[testcontainers.org 00:00:02.43] Execute "pg_isready --host localhost --dbname circus_test --username postgres" at Docker container 296bd413511a
[testcontainers.org 00:00:03.57] Execute "pg_isready --host localhost --dbname circus_test --username postgres" at Docker container 296bd413511a
[testcontainers.org 00:00:04.70] Execute "pg_isready --host localhost --dbname circus_test --username postgres" at Docker container 296bd413511a
[testcontainers.org 00:00:04.84] Docker container 296bd413511a ready
[37m[[37m19:40:58 [37mINF[37m] [37mEXPECTO? Running tests...[37m [37m<[37mExpecto[37m>[37m
[0m[1000D[?25h[37m[[37m19:40:59 [31mERR[37m] [36mCircus.Persistence.Postgres.Tests.Incremental projection equals journal rebuild.started then finished is equal to rebuild[37m failed in [32m00:00:00.4230000[37m. [36m
Complete projection equals reducer rebuild.
Record does not match at position 12 for field named `FinishedAt`. Expected field with value: Some 7/15/2026 12:00:00 PM +00:00, but got Some 7/15/2026 12:01:00 PM +00:00.
[32mexpected[36m:
{ RunId = RunId 3523bc3b-49ca-45a2-a163-aff631230077
  State = Completed
  StartedEvent = Some (JournalPosition 1L)
  FinishedEvent = Some (JournalPosition 2L)
  Repository = Some RepositoryRef "circus-repository"
  ActId = Some ActId "ACT-TEST"
  LeamasVersion = Some LeamasVersion "1.0.0"
  GitRevision = Some "abcdef"
  StartedBy = Some "test"
  StartedAt = Some 7/15/2026 12:00:00 PM +00:00
  Outcome = Some Succeeded
  FinishedAt = Some 7/15/2026 12:0[32m0[36m:00 PM +00:00
  DurationMilliseconds = Some 1000L
  Summary = Some "finished"
  Checks = Some { Passed = 3
                  Failed = 1
                  Skipped = 0 }
  FirstJournalPosition = JournalPosition 1L
  LastJournalPosition = JournalPosition 2L
  ConflictCount = 0
  Version = 2L }
[31m  actual[36m:
{ RunId = RunId 3523bc3b-49ca-45a2-a163-aff631230077
  State = Completed
  StartedEvent = Some (JournalPosition 1L)
  FinishedEvent = Some (JournalPosition 2L)
  Repository = Some RepositoryRef "circus-repository"
  ActId = Some ActId "ACT-TEST"
  LeamasVersion = Some LeamasVersion "1.0.0"
  GitRevision = Some "abcdef"
  StartedBy = Some "test"
  StartedAt = Some 7/15/2026 12:00:00 PM +00:00
  Outcome = Some Succeeded
  FinishedAt = Some 7/15/2026 12:0[31m1[36m:00 PM +00:00
  DurationMilliseconds = Some 1000L
  Summary = Some "finished"
  Checks = Some { Passed = 3
                  Failed = 1
                  Skipped = 0 }
  FirstJournalPosition = JournalPosition 1L
  LastJournalPosition = JournalPosition 2L
  ConflictCount = 0
  Version = 2L }
   at Circus.Persistence.Postgres.Tests.ProjectionIntegrationTests.tests@28.Invoke(Unit unitVar) in /home/thecircus/Projects/thecircus/tests/Circus.Persistence.Postgres.Tests/ProjectionIntegrationTests.fs:line 46
   at Expecto.Impl.execTestAsync@579-1.Invoke(Unit unitVar)
   at Microsoft.FSharp.Control.AsyncPrimitives.CallThenInvoke[T,TResult](AsyncActivation`1 ctxt, TResult result1, FSharpFunc`2 part2) in D:\a\_work\1\s\src\FSharp.Core\async.fs:line 510
   at Microsoft.FSharp.Control.Trampoline.Execute(FSharpFunc`2 firstAction) in D:\a\_work\1\s\src\FSharp.Core\async.fs:line 112[37m [37m<[37mExpecto[37m>[37m
[0m[1000D[?25h[1000D[?25h[37m[[37m19:40:59 [37mINF[37m] [37mEXPECTO! [36m1[37m tests run in [32m00:00:00.5061853[37m for [36mCircus.Persistence.Postgres.Tests.Incremental projection equals journal rebuild.started then finished is equal to rebuild[37m – [36m0[37m passed, [36m0[37m ignored, [36m1[37m failed, [36m0[37m errored. [36m[37m [37m<[37mExpecto[37m>[37m
[0m[1000D[?25h[37m[[37m19:40:59 [37mINF[37m] [37mEXPECTO?! Summary...
Passed: [36m 0[37m
Ignored: [36m0[37m
Failed: [36m 1
	Circus.Persistence.Postgres.Tests.Incremental projection equals journal rebuild.started then finished is equal to rebuild[37m
Errored: [36m0[37m [37m<[37mExpecto[37m>[37m
[0m[testcontainers.org 00:00:06.03] Stop Docker container 296bd413511a
