[testcontainers.org 00:00:00.28] Connected to Docker:
  Host: unix:///var/run/docker.sock
  Server Version: 29.6.2
  Kernel Version: 6.17.0-19-generic
  API Version: 1.55
  Operating System: Linux Mint 22.3
  Total Memory: 78.45 GB
[testcontainers.org 00:00:00.66] Docker container 3758a395ee15 created
[testcontainers.org 00:00:00.74] Start Docker container 3758a395ee15
[testcontainers.org 00:00:00.98] Wait for Docker container 3758a395ee15 to complete readiness checks
[testcontainers.org 00:00:02.01] Docker container 3758a395ee15 ready
[testcontainers.org 00:00:02.25] Docker container d9015b414cf3 created
[testcontainers.org 00:00:02.26] Start Docker container d9015b414cf3
[testcontainers.org 00:00:02.50] Wait for Docker container d9015b414cf3 to complete readiness checks
[testcontainers.org 00:00:02.51] Execute "pg_isready --host localhost --dbname circus_test --username postgres" at Docker container d9015b414cf3
[testcontainers.org 00:00:03.67] Execute "pg_isready --host localhost --dbname circus_test --username postgres" at Docker container d9015b414cf3
[testcontainers.org 00:00:04.79] Execute "pg_isready --host localhost --dbname circus_test --username postgres" at Docker container d9015b414cf3
[testcontainers.org 00:00:04.92] Docker container d9015b414cf3 ready
[37m[[37m19:43:28 [37mINF[37m] [37mEXPECTO? Running tests...[37m [37m<[37mExpecto[37m>[37m
[0m[1000D[?25h[37m[[37m19:43:29 [31mERR[37m] [36mCircus.Persistence.Postgres.Tests.Concurrent service ingestion.started and finished overlap and converge through the same service reducer[37m errored in [32m00:00:00.2260000[37m [37m<[37mExpecto[37m>[37m
Npgsql.PostgresException (0x80004005): 40001: could not serialize access due to concurrent update
[37m   at Npgsql.Internal.NpgsqlConnector.ReadMessageLong(Boolean async, DataRowLoadingMode dataRowLoadingMode, Boolean readingNotifications, Boolean isReadingPrependedMessage)[37m
[37m   at System.Runtime.CompilerServices.PoolingAsyncValueTaskMethodBuilder`1.StateMachineBox`1.System.Threading.Tasks.Sources.IValueTaskSource<TResult>.GetResult(Int16 token)[37m
[37m   at Npgsql.NpgsqlDataReader.NextResult(Boolean async, Boolean isConsuming, CancellationToken cancellationToken)[37m
[37m   at Npgsql.NpgsqlDataReader.NextResult(Boolean async, Boolean isConsuming, CancellationToken cancellationToken)[37m
[37m   at Npgsql.NpgsqlCommand.ExecuteReader(Boolean async, CommandBehavior behavior, CancellationToken cancellationToken)[37m
[37m   at Npgsql.NpgsqlCommand.ExecuteReader(Boolean async, CommandBehavior behavior, CancellationToken cancellationToken)[37m
[37m   at Npgsql.NpgsqlCommand.ExecuteNonQuery(Boolean async, CancellationToken cancellationToken)[37m
  Exception data:
    Severity: ERROR
    SqlState: 40001
    MessageText: could not serialize access due to concurrent update
    File: nodeModifyTable.c
    Line: 312
    Routine: ExecCheckTupleVisible
[0m[1000D[?25h[1000D[?25h[37m[[37m19:43:29 [37mINF[37m] [37mEXPECTO! [36m1[37m tests run in [32m00:00:00.3047903[37m for [36mCircus.Persistence.Postgres.Tests.Concurrent service ingestion.started and finished overlap and converge through the same service reducer[37m – [36m0[37m passed, [36m0[37m ignored, [36m0[37m failed, [36m1[37m errored. [36m[37m [37m<[37mExpecto[37m>[37m
[0m[1000D[?25h[37m[[37m19:43:29 [37mINF[37m] [37mEXPECTO?! Summary...
Passed: [36m 0[37m
Ignored: [36m0[37m
Failed: [36m 0[37m
Errored: [36m1
	Circus.Persistence.Postgres.Tests.Concurrent service ingestion.started and finished overlap and converge through the same service reducer[37m [37m<[37mExpecto[37m>[37m
[0m[testcontainers.org 00:00:06.01] Stop Docker container d9015b414cf3
