[testcontainers.org 00:00:00.26] Connected to Docker:
  Host: unix:///var/run/docker.sock
  Server Version: 29.6.2
  Kernel Version: 6.17.0-19-generic
  API Version: 1.55
  Operating System: Linux Mint 22.3
  Total Memory: 78.45 GB
[testcontainers.org 00:00:00.61] Docker container 477e3305e9a0 created
[testcontainers.org 00:00:00.68] Start Docker container 477e3305e9a0
[testcontainers.org 00:00:00.93] Wait for Docker container 477e3305e9a0 to complete readiness checks
[testcontainers.org 00:00:01.97] Docker container 477e3305e9a0 ready
[testcontainers.org 00:00:02.22] Docker container 3a84453250cf created
[testcontainers.org 00:00:02.23] Start Docker container 3a84453250cf
[testcontainers.org 00:00:02.43] Wait for Docker container 3a84453250cf to complete readiness checks
[testcontainers.org 00:00:02.44] Execute "pg_isready --host localhost --dbname circus_test --username postgres" at Docker container 3a84453250cf
[testcontainers.org 00:00:03.60] Execute "pg_isready --host localhost --dbname circus_test --username postgres" at Docker container 3a84453250cf
[testcontainers.org 00:00:04.72] Execute "pg_isready --host localhost --dbname circus_test --username postgres" at Docker container 3a84453250cf
[testcontainers.org 00:00:04.84] Docker container 3a84453250cf ready
[37m[[37m19:44:31 [37mINF[37m] [37mEXPECTO? Running tests...[37m [37m<[37mExpecto[37m>[37m
[0m[1000D[?25h[37m[[37m19:44:31 [31mERR[37m] [36mCircus.Persistence.Postgres.Tests.Typed AppendFailed rollback path.trigger-thrown atomicity remains adjacent evidence[37m errored in [32m00:00:00.2390000[37m [37m<[37mExpecto[37m>[37m
Npgsql.PostgresException (0x80004005): P0001: test projection failure
[37m   at Npgsql.Internal.NpgsqlConnector.ReadMessageLong(Boolean async, DataRowLoadingMode dataRowLoadingMode, Boolean readingNotifications, Boolean isReadingPrependedMessage)[37m
[37m   at System.Runtime.CompilerServices.PoolingAsyncValueTaskMethodBuilder`1.StateMachineBox`1.System.Threading.Tasks.Sources.IValueTaskSource<TResult>.GetResult(Int16 token)[37m
[37m   at Npgsql.NpgsqlDataReader.NextResult(Boolean async, Boolean isConsuming, CancellationToken cancellationToken)[37m
[37m   at Npgsql.NpgsqlDataReader.NextResult(Boolean async, Boolean isConsuming, CancellationToken cancellationToken)[37m
[37m   at Npgsql.NpgsqlCommand.ExecuteReader(Boolean async, CommandBehavior behavior, CancellationToken cancellationToken)[37m
[37m   at Npgsql.NpgsqlCommand.ExecuteReader(Boolean async, CommandBehavior behavior, CancellationToken cancellationToken)[37m
[37m   at Npgsql.NpgsqlCommand.ExecuteNonQuery(Boolean async, CancellationToken cancellationToken)[37m
  Exception data:
    Severity: ERROR
    SqlState: P0001
    MessageText: test projection failure
    Where: PL/pgSQL function test_fail_projection() line 1 at RAISE
    File: pl_exec.c
    Line: 3911
    Routine: exec_stmt_raise
[0m[1000D[?25h[1000D[?25h[37m[[37m19:44:31 [37mINF[37m] [37mEXPECTO! [36m1[37m tests run in [32m00:00:00.3295117[37m for [36mCircus.Persistence.Postgres.Tests.Typed AppendFailed rollback path.trigger-thrown atomicity remains adjacent evidence[37m – [36m0[37m passed, [36m0[37m ignored, [36m0[37m failed, [36m1[37m errored. [36m[37m [37m<[37mExpecto[37m>[37m
[0m[1000D[?25h[37m[[37m19:44:31 [37mINF[37m] [37mEXPECTO?! Summary...
Passed: [36m 0[37m
Ignored: [36m0[37m
Failed: [36m 0[37m
Errored: [36m1
	Circus.Persistence.Postgres.Tests.Typed AppendFailed rollback path.trigger-thrown atomicity remains adjacent evidence[37m [37m<[37mExpecto[37m>[37m
[0m[testcontainers.org 00:00:05.97] Stop Docker container 3a84453250cf
